🚀 Iniciando testes do Admin Dashboard ViewFlix

📝 Token usado: 32764274...
